
> clouddocs-backend@1.0.0 test:ci
> npm run test:coverage:main && npm run test:coverage:unit:ci && npm run test:ci:report


> clouddocs-backend@1.0.0 test:coverage:main
> cross-env NODE_ENV=test COVERAGE_DIR=coverage/main jest --coverage --runInBand

  console.log
    [ai-job] Starting AI processing for document 6998f7980e20cc71267aa516...

      at log (src/jobs/process-document-ai.job.ts:30:11)

  console.log
    [ai-job] Extracting text from text/plain file...

      at log (src/jobs/process-document-ai.job.ts:56:13)

  console.log
    [text-extraction] Extracting text from test-document.txt (text/plain)

      at TextExtractionService.log [as extractText] (src/services/ai/text-extraction.service.ts:86:13)

  console.log
    [text-extraction] Extracted 133 chars (20 words)

      at TextExtractionService.log [as extractText] (src/services/ai/text-extraction.service.ts:128:15)

  console.log
    [ai-job] Extracted 133 characters from document 6998f7980e20cc71267aa516

      at log (src/jobs/process-document-ai.job.ts:81:13)

  console.log
    [ai-job] Processing chunks and embeddings for document 6998f7980e20cc71267aa516...

      at log (src/jobs/process-document-ai.job.ts:85:15)

  console.log
    [processor] Splitting document 6998f7980e20cc71267aa516 into chunks...

      at DocumentProcessor.log [as processDocument] (src/services/document-processor.service.ts:58:15)

  console.log
    [processor] Created 1 chunks for document 6998f7980e20cc71267aa516

      at DocumentProcessor.log [as processDocument] (src/services/document-processor.service.ts:65:15)

  console.log
    [processor] Generating embeddings for 1 chunks...

      at DocumentProcessor.log [as processDocument] (src/services/document-processor.service.ts:68:15)

  console.log
    [processor] Saving 1 chunks to Atlas...

      at DocumentProcessor.log [as processDocument] (src/services/document-processor.service.ts:101:15)

  console.log
    [processor] Successfully processed document 6998f7980e20cc71267aa516: 1 chunks in 12ms

      at DocumentProcessor.log [as processDocument] (src/services/document-processor.service.ts:109:15)

  console.log
    [ai-job] Created 1 chunks for document 6998f7980e20cc71267aa516

      at log (src/jobs/process-document-ai.job.ts:91:15)

  console.log
    [ai-job] Indexing document 6998f7980e20cc71267aa516 in Elasticsearch...

      at log (src/jobs/process-document-ai.job.ts:98:15)

  console.log
    [ai-job] Document 6998f7980e20cc71267aa516 indexed successfully

      at log (src/jobs/process-document-ai.job.ts:100:15)

  console.log
    [ai-job] Classifying document 6998f7980e20cc71267aa516...

      at log (src/jobs/process-document-ai.job.ts:108:15)

  console.log
    [ai-provider-factory] Initializing AI provider: mock

      at log (src/services/ai/providers/provider.factory.ts:37:11)

  console.log
    [ai-provider-factory] AI provider initialized: mock

      at log (src/services/ai/providers/provider.factory.ts:60:11)

  console.log
    [ai-job] Document 6998f7980e20cc71267aa516 classified as "Otro" (confidence: 0.7)

      at log (src/jobs/process-document-ai.job.ts:114:15)

  console.log
    [ai-job] Summarizing document 6998f7980e20cc71267aa516...

      at log (src/jobs/process-document-ai.job.ts:123:15)

  console.log
    [ai-job] Document 6998f7980e20cc71267aa516 summarized successfully

      at log (src/jobs/process-document-ai.job.ts:128:15)

  console.log
    [ai-job] Γ£à Document 6998f7980e20cc71267aa516 processed successfully in 135ms

      at log (src/jobs/process-document-ai.job.ts:142:13)

  console.log
    [ai-job] Starting AI processing for document 6998f7980e20cc71267aa55e...

      at log (src/jobs/process-document-ai.job.ts:30:11)

  console.log
    [ai-job] Extracting text from video/mp4 file...

      at log (src/jobs/process-document-ai.job.ts:56:13)

  console.log
    [ai-job] Document 6998f7980e20cc71267aa55e has unsupported MIME type: video/mp4

      at log (src/jobs/process-document-ai.job.ts:60:15)

  console.log
    [ai-job] Starting AI processing for document 6998f7980e20cc71267aa571...

      at log (src/jobs/process-document-ai.job.ts:30:11)

  console.log
    [ai-job] Extracting text from text/plain file...

      at log (src/jobs/process-document-ai.job.ts:56:13)

  console.error
    [ai-job] Γ¥î Failed to process document 6998f7980e20cc71267aa571 after 12ms: File not found

    [0m [90m 35 |[39m     [36mreturn[39m[33m;[39m [90m// suppress in tests[39m
     [90m 36 |[39m   }
    [31m[1m>[22m[39m[90m 37 |[39m   originalConsoleError([33m...[39margs)[33m;[39m
     [90m    |[39m   [31m[1m^[22m[39m
     [90m 38 |[39m }[33m;[39m
     [90m 39 |[39m
     [90m 40 |[39m [90m// Mock email service to avoid real SMTP attempts during tests[39m[0m

      at console.Object.<anonymous>.console.error (tests/jest.setup.ts:37:3)
      at error (src/jobs/process-document-ai.job.ts:146:13)
      at Object.<anonymous> (tests/integration/ai/auto-processing.test.ts:140:9)

  console.log
    [ai-job] Starting AI processing for document 6998f7980e20cc71267aa585...

      at log (src/jobs/process-document-ai.job.ts:30:11)

  console.log
    [ai-job] Document 6998f7980e20cc71267aa585 already processed, skipping

      at log (src/jobs/process-document-ai.job.ts:42:15)

  console.log
    [ai-job] Starting AI processing for document 6998f7980e20cc71267aa593...

      at log (src/jobs/process-document-ai.job.ts:30:11)

  console.log
    [ai-job] Extracting text from text/plain file...

      at log (src/jobs/process-document-ai.job.ts:56:13)

  console.log
    [text-extraction] Extracting text from test-document.txt (text/plain)

      at TextExtractionService.log [as extractText] (src/services/ai/text-extraction.service.ts:86:13)

  console.log
    [text-extraction] Extracted 133 chars (20 words)

      at TextExtractionService.log [as extractText] (src/services/ai/text-extraction.service.ts:128:15)

  console.log
    [ai-job] Extracted 133 characters from document 6998f7980e20cc71267aa593

      at log (src/jobs/process-document-ai.job.ts:81:13)

  console.log
    [ai-job] Skipping chunk processing - document 6998f7980e20cc71267aa593 has no organization

      at log (src/jobs/process-document-ai.job.ts:93:15)

  console.log
    [ai-job] Indexing document 6998f7980e20cc71267aa593 in Elasticsearch...

      at log (src/jobs/process-document-ai.job.ts:98:15)

  console.log
    [ai-job] Document 6998f7980e20cc71267aa593 indexed successfully

      at log (src/jobs/process-document-ai.job.ts:100:15)

  console.log
    [ai-job] Classifying document 6998f7980e20cc71267aa593...

      at log (src/jobs/process-document-ai.job.ts:108:15)

  console.log
    [ai-job] Document 6998f7980e20cc71267aa593 classified as "Otro" (confidence: 0.7)

      at log (src/jobs/process-document-ai.job.ts:114:15)

  console.log
    [ai-job] Summarizing document 6998f7980e20cc71267aa593...

      at log (src/jobs/process-document-ai.job.ts:123:15)

  console.log
    [ai-job] Document 6998f7980e20cc71267aa593 summarized successfully

      at log (src/jobs/process-document-ai.job.ts:128:15)

  console.log
    [ai-job] Γ£à Document 6998f7980e20cc71267aa593 processed successfully in 31ms

      at log (src/jobs/process-document-ai.job.ts:142:13)

  console.log
    [ai-job] Starting AI processing for document 6998f7990e20cc71267aa5b5...

      at log (src/jobs/process-document-ai.job.ts:30:11)

  console.log
    [ai-job] Extracting text from text/plain file...

      at log (src/jobs/process-document-ai.job.ts:56:13)

  console.log
    [text-extraction] Extracting text from test-document.txt (text/plain)

      at TextExtractionService.log [as extractText] (src/services/ai/text-extraction.service.ts:86:13)

  console.log
    [text-extraction] Extracted 133 chars (20 words)

      at TextExtractionService.log [as extractText] (src/services/ai/text-extraction.service.ts:128:15)

  console.log
    [ai-job] Extracted 133 characters from document 6998f7990e20cc71267aa5b5

      at log (src/jobs/process-document-ai.job.ts:81:13)

  console.log
    [ai-job] Processing chunks and embeddings for document 6998f7990e20cc71267aa5b5...

      at log (src/jobs/process-document-ai.job.ts:85:15)

  console.log
    [processor] Splitting document 6998f7990e20cc71267aa5b5 into chunks...

      at DocumentProcessor.log [as processDocument] (src/services/document-processor.service.ts:58:15)

  console.log
    [processor] Created 1 chunks for document 6998f7990e20cc71267aa5b5

      at DocumentProcessor.log [as processDocument] (src/services/document-processor.service.ts:65:15)

  console.log
    [processor] Generating embeddings for 1 chunks...

      at DocumentProcessor.log [as processDocument] (src/services/document-processor.service.ts:68:15)

  console.log
    [processor] Saving 1 chunks to Atlas...

      at DocumentProcessor.log [as processDocument] (src/services/document-processor.service.ts:101:15)

  console.log
    [processor] Successfully processed document 6998f7990e20cc71267aa5b5: 1 chunks in 3ms

      at DocumentProcessor.log [as processDocument] (src/services/document-processor.service.ts:109:15)

  console.log
    [ai-job] Created 1 chunks for document 6998f7990e20cc71267aa5b5

      at log (src/jobs/process-document-ai.job.ts:91:15)

  console.log
    [ai-job] Indexing document 6998f7990e20cc71267aa5b5 in Elasticsearch...

      at log (src/jobs/process-document-ai.job.ts:98:15)

  console.log
    [ai-job] Document 6998f7990e20cc71267aa5b5 indexed successfully

      at log (src/jobs/process-document-ai.job.ts:100:15)

  console.log
    [ai-job] Classifying document 6998f7990e20cc71267aa5b5...

      at log (src/jobs/process-document-ai.job.ts:108:15)

  console.log
    [ai-job] Document 6998f7990e20cc71267aa5b5 classified as "Otro" (confidence: 0.7)

      at log (src/jobs/process-document-ai.job.ts:114:15)

  console.log
    [ai-job] Summarizing document 6998f7990e20cc71267aa5b5...

      at log (src/jobs/process-document-ai.job.ts:123:15)

  console.log
    [ai-job] Document 6998f7990e20cc71267aa5b5 summarized successfully

      at log (src/jobs/process-document-ai.job.ts:128:15)

  console.log
    [ai-job] Γ£à Document 6998f7990e20cc71267aa5b5 processed successfully in 32ms

      at log (src/jobs/process-document-ai.job.ts:142:13)

node.exe : FAIL tests/integration/ai/auto-processing.test.ts (10.736 s)
At C:\Program Files\nodejs\npm.ps1:29 char:3
+   & $NODE_EXE $NPM_CLI_JS $args
+   ~~~~~~~~~~~~~~~~~~~~~~~~~~~~~
    + CategoryInfo          : NotSpecified: (FAIL tests/inte...t.ts (10.736 s) 
   :String) [], RemoteException
    + FullyQualifiedErrorId : NativeCommandError
 
  Auto-processing AI Integration Tests
    processDocumentAI
      ΓêÜ should extract text and update document status to completed (331 ms)
      ΓêÜ should mark document as completed without processing if MIME type is 
unsupported (53 ms)
      ΓêÜ should mark document as failed if extraction throws error (66 ms)
      ΓêÜ should not reprocess document if already completed (29 ms)
      ΓêÜ should handle documents with no organization (skip chunk processing) 
(61 ms)
    Text Extraction Service Integration
      ΓêÜ should support common document types (21 ms)
      ├ù should reject unsupported document types (17 ms)
    AI Status Tracking
      ΓêÜ should track processing status through lifecycle (58 ms)
      ΓêÜ should initialize new documents with status "pending" (17 ms)

  ΓùÅ Auto-processing AI Integration Tests ΓÇ║ Text Extraction Service 
Integration ΓÇ║ should reject unsupported document types

    expect(received).toBe(expected) // Object.is equality

    Expected: false
    Received: true

    [0m [90m 221 |[39m       expect(textExtractionService[33m.[39misSuppor
tedMimeType([32m'video/mp4'[39m))[33m.[39mtoBe([36mfalse[39m)[33m;[39m
     [90m 222 |[39m       expect(textExtractionService[33m.[39misSupportedM
imeType([32m'audio/mpeg'[39m))[33m.[39mtoBe([36mfalse[39m)[33m;[39m
    [31m[1m>[22m[39m[90m 223 |[39m       expect(textExtractionService[33
m.[39misSupportedMimeType([32m'image/jpeg'[39m))[33m.[39mtoBe([36mfalse[
39m)[33m;[39m
     [90m     |[39m                                                          
             [31m[1m^[22m[39m
     [90m 224 |[39m     })[33m;[39m
     [90m 225 |[39m   })[33m;[39m
     [90m 226 |[39m[0m

      at Object.<anonymous> 
(tests/integration/ai/auto-processing.test.ts:223:71)

  console.log
    [text-extraction] Extracting text from test.txt (text/plain)

      at TextExtractionService.log [as extractText] (src/services/ai/text-extraction.service.ts:86:13)

  console.log
    [text-extraction] Extracted 47 chars (9 words)

      at TextExtractionService.log [as extractText] (src/services/ai/text-extraction.service.ts:128:15)

  console.log
    [text-extraction] Extracting text from test.md (text/markdown)

      at TextExtractionService.log [as extractText] (src/services/ai/text-extraction.service.ts:86:13)

  console.log
    [text-extraction] Extracted 38 chars (7 words)

      at TextExtractionService.log [as extractText] (src/services/ai/text-extraction.service.ts:128:15)

  console.log
    [text-extraction] Extracting text from test.txt (application/unsupported)

      at TextExtractionService.log [as extractText] (src/services/ai/text-extraction.service.ts:86:13)

  console.log
    [text-extraction] Extracting text from test.txt (application/unsupported)

      at TextExtractionService.log [as extractText] (src/services/ai/text-extraction.service.ts:86:13)

  console.log
    [text-extraction] Extracting text from word-count-test.txt (text/plain)

      at TextExtractionService.log [as extractText] (src/services/ai/text-extraction.service.ts:86:13)

  console.log
    [text-extraction] Extracted 13 chars (3 words)

      at TextExtractionService.log [as extractText] (src/services/ai/text-extraction.service.ts:128:15)

  console.log
    [text-extraction] Extracting text from word-count-test.txt (text/plain)

      at TextExtractionService.log [as extractText] (src/services/ai/text-extraction.service.ts:86:13)

  console.log
    [text-extraction] Extracted 6 chars (1 words)

      at TextExtractionService.log [as extractText] (src/services/ai/text-extraction.service.ts:128:15)

  console.log
    [text-extraction] Extracting text from word-count-test.txt (text/plain)

      at TextExtractionService.log [as extractText] (src/services/ai/text-extraction.service.ts:86:13)

  console.log
    [text-extraction] Extracted 27 chars (3 words)

      at TextExtractionService.log [as extractText] (src/services/ai/text-extraction.service.ts:128:15)

  console.log
    [text-extraction] Extracting text from word-count-test.txt (text/plain)

      at TextExtractionService.log [as extractText] (src/services/ai/text-extraction.service.ts:86:13)

  console.log
    [text-extraction] Extracted 16 chars (3 words)

      at TextExtractionService.log [as extractText] (src/services/ai/text-extraction.service.ts:128:15)

  console.log
    [text-extraction] Extracting text from word-count-test.txt (text/plain)

      at TextExtractionService.log [as extractText] (src/services/ai/text-extraction.service.ts:86:13)

  console.log
    [text-extraction] Extracted 0 chars (0 words)

      at TextExtractionService.log [as extractText] (src/services/ai/text-extraction.service.ts:128:15)

  console.log
    [text-extraction] Extracting text from word-count-test.txt (text/plain)

      at TextExtractionService.log [as extractText] (src/services/ai/text-extraction.service.ts:86:13)

  console.log
    [text-extraction] Extracted 0 chars (0 words)

      at TextExtractionService.log [as extractText] (src/services/ai/text-extraction.service.ts:128:15)

FAIL tests/unit/services/text-extraction.service.test.ts
  TextExtractionService
    extractText
      ΓêÜ should extract text from TXT file (13 ms)
      ΓêÜ should extract text from MD file (6 ms)
      ΓêÜ should throw error for non-existent file (31 ms)
      ΓêÜ should throw error for unsupported MIME type (6 ms)
      ├ù should throw error for directory instead of file (25 ms)
    isSupportedMimeType
      ΓêÜ should return true for supported MIME types (1 ms)
      ├ù should return false for unsupported MIME types (1 ms)
    getSupportedMimeTypes
      ├ù should return array of supported MIME types (2 ms)
    word counting
      ΓêÜ should count words correctly (32 ms)

  ΓùÅ TextExtractionService ΓÇ║ extractText ΓÇ║ should throw error for 
directory instead of file

    expect(received).rejects.toThrow(expected)

    Expected substring: "Path is not a file"
    Received message:   "File not found"

        [0m [90m 81 |[39m       }
         [90m 82 |[39m     } [36mcatch[39m (err[33m:[39m unknown) {
        [31m[1m>[22m[39m[90m 83 |[39m       [36mthrow[39m 
[36mnew[39m [33mHttpError[39m([35m404[39m[33m,[39m [32m'File not 
found'[39m)[33m;[39m
         [90m    |[39m             [31m[1m^[22m[39m
         [90m 84 |[39m     }
         [90m 85 |[39m
         [90m 86 |[39m     console[33m.[39mlog([32m`[text-extraction] 
Extracting text from ${path.basename(filePath)} 
(${mimeType})`[39m)[33m;[39m[0m

      at TextExtractionService.extractText 
(src/services/ai/text-extraction.service.ts:83:13)
      at Object.<anonymous> 
(tests/unit/services/text-extraction.service.test.ts:90:7)
      at Object.toThrow (node_modules/expect/build/index.js:218:22)
      at Object.<anonymous> 
(tests/unit/services/text-extraction.service.test.ts:92:17)

  ΓùÅ TextExtractionService ΓÇ║ isSupportedMimeType ΓÇ║ should return false 
for unsupported MIME types

    expect(received).toBe(expected) // Object.is equality

    Expected: false
    Received: true

    [0m [90m 105 |[39m     it([32m'should return false for unsupported 
MIME types'[39m[33m,[39m () [33m=>[39m {
     [90m 106 |[39m       expect(textExtractionService[33m.[39misSupportedM
imeType([32m'application/json'[39m))[33m.[39mtoBe([36mfalse[39m)[33m;[3
9m
    [31m[1m>[22m[39m[90m 107 |[39m       expect(textExtractionService[33
m.[39misSupportedMimeType([32m'image/png'[39m))[33m.[39mtoBe([36mfalse[3
9m)[33m;[39m
     [90m     |[39m                                                          
            [31m[1m^[22m[39m
     [90m 108 |[39m       expect(textExtractionService[33m.[39misSupportedM
imeType([32m'video/mp4'[39m))[33m.[39mtoBe([36mfalse[39m)[33m;[39m
     [90m 109 |[39m     })[33m;[39m
     [90m 110 |[39m   })[33m;[39m[0m

      at Object.<anonymous> 
(tests/unit/services/text-extraction.service.test.ts:107:70)

  ΓùÅ TextExtractionService ΓÇ║ getSupportedMimeTypes ΓÇ║ should return array 
of supported MIME types

    expect(received).toBe(expected) // Object.is equality

    Expected: 5
    Received: 9

    [0m [90m 120 |[39m       expect(types)[33m.[39mtoContain([33mSUPPORTE
D_MIME_TYPES[39m[33m.[39m[33mTXT[39m)[33m;[39m
     [90m 121 |[39m       expect(types)[33m.[39mtoContain([33mSUPPORTED_MI
ME_TYPES[39m[33m.[39m[33mMD[39m)[33m;[39m
    [31m[1m>[22m[39m[90m 122 |[39m       
expect(types[33m.[39mlength)[33m.[39mtoBe([35m5[39m)[33m;[39m
     [90m     |[39m                            [31m[1m^[22m[39m
     [90m 123 |[39m     })[33m;[39m
     [90m 124 |[39m   })[33m;[39m
     [90m 125 |[39m[0m

      at Object.<anonymous> 
(tests/unit/services/text-extraction.service.test.ts:122:28)

  console.log
    [ai-provider-factory] AI provider reset

      at log (src/services/ai/providers/provider.factory.ts:70:11)

  console.log
    [ai-provider-factory] Initializing AI provider: ollama

      at log (src/services/ai/providers/provider.factory.ts:37:11)

  console.log
    [ollama-provider] Initialized with chat model: llama3.2:3b, embedding model: nomic-embed-text

      at new log (src/services/ai/providers/ollama.provider.ts:44:13)

  console.log
    [ai-provider-factory] AI provider initialized: ollama

      at log (src/services/ai/providers/provider.factory.ts:60:11)

  console.log
    [ai-provider-factory] Provider ollama is available

      at log (src/services/ai/providers/provider.factory.ts:89:13)

  console.log
    [ollama-provider] Generating response with llama3.2:3b...

      at OllamaProvider.log [as generateResponse] (src/services/ai/providers/ollama.provider.ts:137:15)

  console.log
    [ollama-provider] Generating response with llama3.2:3b...

      at OllamaProvider.log [as generateResponse] (src/services/ai/providers/ollama.provider.ts:137:15)

  console.log
    [ollama-provider] Generating response with llama3.2:3b...

      at OllamaProvider.log [as generateResponse] (src/services/ai/providers/ollama.provider.ts:137:15)

  console.log
    [ollama-provider] Generating response with llama3.2:3b...

      at OllamaProvider.log [as generateResponse] (src/services/ai/providers/ollama.provider.ts:137:15)

  console.log
    [ollama-provider] Generating response with llama3.2:3b...

      at OllamaProvider.log [as generateResponse] (src/services/ai/providers/ollama.provider.ts:137:15)

  console.log
    [ollama-provider] Generating response with llama3.2:3b...

      at OllamaProvider.log [as generateResponse] (src/services/ai/providers/ollama.provider.ts:137:15)

  console.error
    [ollama-provider] Failed to parse classification: {
      "category": "Factura",
      "confidence": 0.95,
      "tags": ["Comprobante de venta", "Documento financiero"]

    [0m [90m 35 |[39m     [36mreturn[39m[33m;[39m [90m// suppress in tests[39m
     [90m 36 |[39m   }
    [31m[1m>[22m[39m[90m 37 |[39m   originalConsoleError([33m...[39margs)[33m;[39m
     [90m    |[39m   [31m[1m^[22m[39m
     [90m 38 |[39m }[33m;[39m
     [90m 39 |[39m
     [90m 40 |[39m [90m// Mock email service to avoid real SMTP attempts during tests[39m[0m

      at console.Object.<anonymous>.console.error (tests/jest.setup.ts:37:3)
      at OllamaProvider.error [as classifyDocument] (src/services/ai/providers/ollama.provider.ts:214:15)
      at Object.<anonymous> (tests/integration/ai/ollama.provider.test.ts:145:22)

  console.log
    [ollama-provider] Generating response with llama3.2:3b...

      at OllamaProvider.log [as generateResponse] (src/services/ai/providers/ollama.provider.ts:137:15)

  console.error
    [ollama-provider] Failed to parse classification: {
      "category": "Contrato",
      "confidence": 0.95,
      "tags": ["Documentos legales", "Acuerdos comerciales"]

    [0m [90m 35 |[39m     [36mreturn[39m[33m;[39m [90m// suppress in tests[39m
     [90m 36 |[39m   }
    [31m[1m>[22m[39m[90m 37 |[39m   originalConsoleError([33m...[39margs)[33m;[39m
     [90m    |[39m   [31m[1m^[22m[39m
     [90m 38 |[39m }[33m;[39m
     [90m 39 |[39m
     [90m 40 |[39m [90m// Mock email service to avoid real SMTP attempts during tests[39m[0m

      at console.Object.<anonymous>.console.error (tests/jest.setup.ts:37:3)
      at OllamaProvider.error [as classifyDocument] (src/services/ai/providers/ollama.provider.ts:214:15)
      at Object.<anonymous> (tests/integration/ai/ollama.provider.test.ts:160:22)

  console.log
    [ollama-provider] Generating response with llama3.2:3b...

      at OllamaProvider.log [as generateResponse] (src/services/ai/providers/ollama.provider.ts:137:15)

  console.log
    [ollama-provider] Generating response with nonexistent-model...

      at OllamaProvider.log [as generateResponse] (src/services/ai/providers/ollama.provider.ts:137:15)

  console.error
    [ollama-provider] Error generating response: model 'nonexistent-model' not found

    [0m [90m 35 |[39m     [36mreturn[39m[33m;[39m [90m// suppress in tests[39m
     [90m 36 |[39m   }
    [31m[1m>[22m[39m[90m 37 |[39m   originalConsoleError([33m...[39margs)[33m;[39m
     [90m    |[39m   [31m[1m^[22m[39m
     [90m 38 |[39m }[33m;[39m
     [90m 39 |[39m
     [90m 40 |[39m [90m// Mock email service to avoid real SMTP attempts during tests[39m[0m

      at console.Object.<anonymous>.console.error (tests/jest.setup.ts:37:3)
      at OllamaProvider.error [as generateResponse] (src/services/ai/providers/ollama.provider.ts:164:15)
      at Object.<anonymous> (tests/integration/ai/ollama.provider.test.ts:207:7)

  console.log
    [ai-provider-factory] AI provider reset

      at log (src/services/ai/providers/provider.factory.ts:70:11)

  console.log
    [ai-provider-factory] Initializing AI provider: ollama

      at log (src/services/ai/providers/provider.factory.ts:37:11)

  console.error
    [ai-provider-factory] Provider check failed: Unknown error

    [0m [90m 35 |[39m     [36mreturn[39m[33m;[39m [90m// suppress in tests[39m
     [90m 36 |[39m   }
    [31m[1m>[22m[39m[90m 37 |[39m   originalConsoleError([33m...[39margs)[33m;[39m
     [90m    |[39m   [31m[1m^[22m[39m
     [90m 38 |[39m }[33m;[39m
     [90m 39 |[39m
     [90m 40 |[39m [90m// Mock email service to avoid real SMTP attempts during tests[39m[0m

      at console.Object.<anonymous>.console.error (tests/jest.setup.ts:37:3)
      at error (src/services/ai/providers/provider.factory.ts:93:13)
      at Object.<anonymous> (tests/integration/ai/ollama.provider.test.ts:220:58)

FAIL tests/integration/ai/ollama.provider.test.ts (4050.815 s)
  Ollama Provider Integration
    Connection
      ΓêÜ should connect to Ollama server (138 ms)
      ΓêÜ should have correct configuration (1 ms)
    Embeddings
      ΓêÜ should generate embedding with nomic-embed-text (768 dims) (56 ms)
      ΓêÜ should generate embeddings in batch (83 ms)
      ΓêÜ should throw error for empty text (25 ms)
      ΓêÜ should generate different embeddings for different texts (76 ms)
    Chat/Text Generation
      ΓêÜ should generate response with llama3.2:3b (882 ms)
      ├ù should respect temperature parameter (3990633 ms)
      ΓêÜ should respect max tokens parameter (14503 ms)
      ΓêÜ should use system message when provided (13310 ms)
    Document Classification
      ΓêÜ should classify invoice correctly (8680 ms)
      ΓêÜ should classify contract correctly (6073 ms)
    Document Summarization
      ΓêÜ should summarize document correctly (15895 ms)
    Error Handling
      ΓêÜ should throw error for empty prompt (2 ms)
      ΓêÜ should throw error for empty text in embedding (4 ms)
      ΓêÜ should throw error for empty array in batch embeddings (2 ms)
      ΓêÜ should handle invalid model gracefully (25 ms)
  Ollama Provider - Fallback Behavior
    ΓêÜ should handle Ollama server not running (17 ms)

  ΓùÅ Ollama Provider Integration ΓÇ║ Chat/Text Generation ΓÇ║ should respect 
temperature parameter

    thrown: "Exceeded timeout of 30000 ms for a test.
    Add a timeout value to this test to increase the timeout, if this is a 
long-running test. See https://jestjs.io/docs/api#testname-fn-timeout."

    [0m [90m 104 |[39m     })[33m;[39m
     [90m 105 |[39m
    [31m[1m>[22m[39m[90m 106 |[39m     it([32m'should respect 
temperature parameter'[39m[33m,[39m [36masync[39m () [33m=>[39m {
     [90m     |[39m       [31m[1m^[22m[39m
     [90m 107 |[39m       [36mconst[39m provider [33m=[39m 
getAIProvider()[33m;[39m
     [90m 108 |[39m       [36mconst[39m prompt [33m=[39m [32m'Say 
hello'[39m[33m;[39m
     [90m 109 |[39m[0m

      at tests/integration/ai/ollama.provider.test.ts:106:7
      at tests/integration/ai/ollama.provider.test.ts:95:11
      at Object.<anonymous> (tests/integration/ai/ollama.provider.test.ts:23:9)

PASS tests/integration/memberships.test.ts (25.93 s)
  Membership Endpoints
    GET /api/memberships/my-organizations
      ΓêÜ should return all organizations where user is member (1402 ms)
      ΓêÜ should fail without authentication (799 ms)
    GET /api/memberships/active-organization
      ΓêÜ should return active organization for user (635 ms)
      ΓêÜ should fail without authentication (761 ms)
    POST /api/memberships/set-active
      ΓêÜ should switch active organization successfully (713 ms)
      ΓêÜ should fail without organizationId (732 ms)
      ΓêÜ should fail for organization where user is not member (626 ms)
      ΓêÜ should fail without authentication (817 ms)
    GET /api/memberships/organization/:organizationId/members
      ΓêÜ should return all members of organization (648 ms)
      ΓêÜ should fail for non-member user (1014 ms)
      ΓêÜ should fail without authentication (651 ms)
    POST /api/memberships/organization/:organizationId/members
      ΓêÜ should invite user to organization successfully (as owner) (1124 ms)
      ΓêÜ should invite user with admin role (as owner) (985 ms)
      ΓêÜ should fail without userId (737 ms)
      ΓêÜ should fail if user already member (768 ms)
      ΓêÜ should fail without authentication (924 ms)
    PATCH /api/memberships/organization/:organizationId/members/:membershipId
      ΓêÜ should update member role successfully (as owner) (656 ms)
      ΓêÜ should fail without role in body (633 ms)
      ΓêÜ should fail when trying to change owner role (615 ms)
      ΓêÜ should fail for non-owner user (617 ms)
      ΓêÜ should fail with invalid membershipId (625 ms)
      ΓêÜ should fail without authentication (623 ms)
    DELETE /api/memberships/organization/:organizationId/members/:membershipId
      ΓêÜ should remove member successfully (as owner) (822 ms)
      ΓêÜ should remove member successfully (as admin) (811 ms)
      ΓêÜ should fail when trying to remove owner (622 ms)
      ΓêÜ should fail for regular member (618 ms)
      ΓêÜ should fail with invalid membershipId (614 ms)
      ΓêÜ should fail without authentication (603 ms)
    DELETE /api/memberships/:organizationId/leave
      ΓêÜ should allow member to leave organization (849 ms)
      ΓêÜ should fail when owner tries to leave (667 ms)
      ΓêÜ should fail without authentication (630 ms)

  console.log
    [text-extraction] Extracting text from test-ai-doc.txt (text/plain)

      at TextExtractionService.log [as extractText] (src/services/ai/text-extraction.service.ts:86:13)

  console.log
    [text-extraction] Extracted 112 chars (19 words)

      at TextExtractionService.log [as extractText] (src/services/ai/text-extraction.service.ts:128:15)

  console.log
    [ai-controller] Extracted text from document 699907886e007500b36a1ba7: 112 chars

      at log (src/controllers/ai.controller.ts:355:13)

  console.log
    [processor] Splitting document 699907896e007500b36a1c48 into chunks...

      at DocumentProcessor.log [as processDocument] (src/services/document-processor.service.ts:58:15)

  console.log
    [processor] Created 1 chunks for document 699907896e007500b36a1c48

      at DocumentProcessor.log [as processDocument] (src/services/document-processor.service.ts:65:15)

  console.log
    [processor] Generating embeddings for 1 chunks...

      at DocumentProcessor.log [as processDocument] (src/services/document-processor.service.ts:68:15)

  console.log
    [processor] Saving 1 chunks to Atlas...

      at DocumentProcessor.log [as processDocument] (src/services/document-processor.service.ts:101:15)

  console.log
    [processor] Successfully processed document 699907896e007500b36a1c48: 1 chunks in 3ms

      at DocumentProcessor.log [as processDocument] (src/services/document-processor.service.ts:109:15)

  console.log
    [ai-controller] Document 699907896e007500b36a1c48 processed: 1 chunks

      at log (src/controllers/ai.controller.ts:220:13)

  console.log
    [processor] Splitting document 6999078a6e007500b36a1cc4 into chunks...

      at DocumentProcessor.log [as processDocument] (src/services/document-processor.service.ts:58:15)

  console.log
    [processor] Created 1 chunks for document 6999078a6e007500b36a1cc4

      at DocumentProcessor.log [as processDocument] (src/services/document-processor.service.ts:65:15)

  console.log
    [processor] Generating embeddings for 1 chunks...

      at DocumentProcessor.log [as processDocument] (src/services/document-processor.service.ts:68:15)

  console.log
    [processor] Saving 1 chunks to Atlas...

      at DocumentProcessor.log [as processDocument] (src/services/document-processor.service.ts:101:15)

  console.log
    [processor] Successfully processed document 6999078a6e007500b36a1cc4: 1 chunks in 4ms

      at DocumentProcessor.log [as processDocument] (src/services/document-processor.service.ts:109:15)

  console.log
    [ai-controller] Document 6999078a6e007500b36a1cc4 processed: 1 chunks

      at log (src/controllers/ai.controller.ts:220:13)

  console.log
    [processor] Deleted 1 chunks for document 6999078a6e007500b36a1cc4

      at DocumentProcessor.log [as deleteDocumentChunks] (src/services/document-processor.service.ts:154:15)

  console.log
    [ai-controller] Deleted 1 chunks from document 6999078a6e007500b36a1cc4

      at log (src/controllers/ai.controller.ts:283:13)

  console.log
    [processor] Splitting document 6999078b6e007500b36a1ce6 into chunks...

      at DocumentProcessor.log [as processDocument] (src/services/document-processor.service.ts:58:15)

  console.log
    [processor] Created 1 chunks for document 6999078b6e007500b36a1ce6

      at DocumentProcessor.log [as processDocument] (src/services/document-processor.service.ts:65:15)

  console.log
    [processor] Generating embeddings for 1 chunks...

      at DocumentProcessor.log [as processDocument] (src/services/document-processor.service.ts:68:15)

  console.log
    [processor] Saving 1 chunks to Atlas...

      at DocumentProcessor.log [as processDocument] (src/services/document-processor.service.ts:101:15)

  console.log
    [processor] Successfully processed document 6999078b6e007500b36a1ce6: 1 chunks in 3ms

      at DocumentProcessor.log [as processDocument] (src/services/document-processor.service.ts:109:15)

  console.log
    [ai-controller] Document 6999078b6e007500b36a1ce6 processed: 1 chunks

      at log (src/controllers/ai.controller.ts:220:13)

  console.log
    [processor] Splitting document 6999078b6e007500b36a1d07 into chunks...

      at DocumentProcessor.log [as processDocument] (src/services/document-processor.service.ts:58:15)

  console.log
    [processor] Created 1 chunks for document 6999078b6e007500b36a1d07

      at DocumentProcessor.log [as processDocument] (src/services/document-processor.service.ts:65:15)

  console.log
    [processor] Generating embeddings for 1 chunks...

      at DocumentProcessor.log [as processDocument] (src/services/document-processor.service.ts:68:15)

  console.log
    [processor] Saving 1 chunks to Atlas...

      at DocumentProcessor.log [as processDocument] (src/services/document-processor.service.ts:101:15)

  console.log
    [processor] Successfully processed document 6999078b6e007500b36a1d07: 1 chunks in 3ms

      at DocumentProcessor.log [as processDocument] (src/services/document-processor.service.ts:109:15)

  console.log
    [ai-controller] Document 6999078b6e007500b36a1d07 processed: 1 chunks

      at log (src/controllers/ai.controller.ts:220:13)

  console.log
    [processor] Splitting document 6999078b6e007500b36a1d27 into chunks...

      at DocumentProcessor.log [as processDocument] (src/services/document-processor.service.ts:58:15)

  console.log
    [processor] Created 1 chunks for document 6999078b6e007500b36a1d27

      at DocumentProcessor.log [as processDocument] (src/services/document-processor.service.ts:65:15)

  console.log
    [processor] Generating embeddings for 1 chunks...

      at DocumentProcessor.log [as processDocument] (src/services/document-processor.service.ts:68:15)

  console.log
    [processor] Saving 1 chunks to Atlas...

      at DocumentProcessor.log [as processDocument] (src/services/document-processor.service.ts:101:15)

  console.log
    [processor] Successfully processed document 6999078b6e007500b36a1d27: 1 chunks in 3ms

      at DocumentProcessor.log [as processDocument] (src/services/document-processor.service.ts:109:15)

  console.log
    [ai-controller] Document 6999078b6e007500b36a1d27 processed: 1 chunks

      at log (src/controllers/ai.controller.ts:220:13)

  console.log
    [rag] Answering question: "┬┐Cu├íles son los objetivos del Q1 2026?..."

      at RAGService.log [as answerQuestion] (src/services/ai/rag.service.ts:349:15)

  console.log
    [rag] Searching for: "┬┐Cu├íles son los objetivos del Q1 2026?..."

      at RAGService.log [as search] (src/services/ai/rag.service.ts:169:15)

  console.warn
    [rag] Embedding was empty or invalid, using fallback embedding

    [0m [90m 181 |[39m       [90m// use a deterministic fallback so the vector search can proceed in tests.[39m
     [90m 182 |[39m       [36mif[39m ([33m![39mqueryEmbedding [33m||[39m queryEmbedding[33m.[39mlength [33m===[39m [35m0[39m) {
    [31m[1m>[22m[39m[90m 183 |[39m         console[33m.[39mwarn([32m'[rag] Embedding was empty or invalid, using fallback embedding'[39m)[33m;[39m
     [90m     |[39m                 [31m[1m^[22m[39m
     [90m 184 |[39m         queryEmbedding [33m=[39m [36mnew[39m [33mArray[39m([33mEMBEDDING_DIMENSIONS[39m)[33m.[39mfill([35m0.01[39m)[33m;[39m
     [90m 185 |[39m       }
     [90m 186 |[39m[0m

      at RAGService.warn [as search] (src/services/ai/rag.service.ts:183:17)
      at RAGService.answerQuestion (src/services/ai/rag.service.ts:352:29)
      at askQuestion (src/controllers/ai.controller.ts:45:22)

  console.log
    [rag] Vector search found 4 relevant chunks (top 5)

      at RAGService.log [as findRelevantChunks] (src/services/ai/rag.service.ts:123:15)

  console.log
    [rag] Top result score: 0.8000

      at RAGService.log [as search] (src/services/ai/rag.service.ts:192:17)

  console.log
    [rag] Found 4 chunks from 4 documents

      at RAGService.log [as answerQuestion] (src/services/ai/rag.service.ts:371:15)

  console.log
    [ai-provider-factory] Initializing AI provider: ollama

      at log (src/services/ai/providers/provider.factory.ts:37:11)

  console.log
    [ollama-provider] Initialized with chat model: llama3.2:3b, embedding model: nomic-embed-text

      at new log (src/services/ai/providers/ollama.provider.ts:44:13)

  console.log
    [ai-provider-factory] AI provider initialized: ollama

      at log (src/services/ai/providers/provider.factory.ts:60:11)

  console.log
    [llm] Generating response with provider ollama...

      at LlmService.log [as generateResponse] (src/services/ai/llm.service.ts:41:15)

  console.log
    [ollama-provider] Generating response with llama3.2:3b...

      at OllamaProvider.log [as generateResponse] (src/services/ai/providers/ollama.provider.ts:137:15)

  console.log
    [rag] Answer generated successfully (125 chars)

      at RAGService.log [as answerQuestion] (src/services/ai/rag.service.ts:384:15)

  console.log
    [processor] Splitting document 699907966e007500b36a1d4a into chunks...

      at DocumentProcessor.log [as processDocument] (src/services/document-processor.service.ts:58:15)

  console.log
    [processor] Created 1 chunks for document 699907966e007500b36a1d4a

      at DocumentProcessor.log [as processDocument] (src/services/document-processor.service.ts:65:15)

  console.log
    [processor] Generating embeddings for 1 chunks...

      at DocumentProcessor.log [as processDocument] (src/services/document-processor.service.ts:68:15)

  console.log
    [processor] Saving 1 chunks to Atlas...

      at DocumentProcessor.log [as processDocument] (src/services/document-processor.service.ts:101:15)

  console.log
    [processor] Successfully processed document 699907966e007500b36a1d4a: 1 chunks in 2ms

      at DocumentProcessor.log [as processDocument] (src/services/document-processor.service.ts:109:15)

  console.log
    [ai-controller] Document 699907966e007500b36a1d4a processed: 1 chunks

      at log (src/controllers/ai.controller.ts:220:13)

  console.log
    [processor] Splitting document 699907966e007500b36a1d6b into chunks...

      at DocumentProcessor.log [as processDocument] (src/services/document-processor.service.ts:58:15)

  console.log
    [processor] Created 1 chunks for document 699907966e007500b36a1d6b

      at DocumentProcessor.log [as processDocument] (src/services/document-processor.service.ts:65:15)

  console.log
    [processor] Generating embeddings for 1 chunks...

      at DocumentProcessor.log [as processDocument] (src/services/document-processor.service.ts:68:15)

  console.log
    [processor] Saving 1 chunks to Atlas...

      at DocumentProcessor.log [as processDocument] (src/services/document-processor.service.ts:101:15)

  console.log
    [processor] Successfully processed document 699907966e007500b36a1d6b: 1 chunks in 3ms

      at DocumentProcessor.log [as processDocument] (src/services/document-processor.service.ts:109:15)

  console.log
    [ai-controller] Document 699907966e007500b36a1d6b processed: 1 chunks

      at log (src/controllers/ai.controller.ts:220:13)

  console.log
    [processor] Splitting document 699907966e007500b36a1d8c into chunks...

      at DocumentProcessor.log [as processDocument] (src/services/document-processor.service.ts:58:15)

  console.log
    [processor] Created 1 chunks for document 699907966e007500b36a1d8c

      at DocumentProcessor.log [as processDocument] (src/services/document-processor.service.ts:65:15)

  console.log
    [processor] Generating embeddings for 1 chunks...

      at DocumentProcessor.log [as processDocument] (src/services/document-processor.service.ts:68:15)

  console.log
    [processor] Saving 1 chunks to Atlas...

      at DocumentProcessor.log [as processDocument] (src/services/document-processor.service.ts:101:15)

  console.log
    [processor] Successfully processed document 699907966e007500b36a1d8c: 1 chunks in 4ms

      at DocumentProcessor.log [as processDocument] (src/services/document-processor.service.ts:109:15)

  console.log
    [ai-controller] Document 699907966e007500b36a1d8c processed: 1 chunks

      at log (src/controllers/ai.controller.ts:220:13)

  console.log
    [processor] Splitting document 699907966e007500b36a1dac into chunks...

      at DocumentProcessor.log [as processDocument] (src/services/document-processor.service.ts:58:15)

  console.log
    [processor] Created 1 chunks for document 699907966e007500b36a1dac

      at DocumentProcessor.log [as processDocument] (src/services/document-processor.service.ts:65:15)

  console.log
    [processor] Generating embeddings for 1 chunks...

      at DocumentProcessor.log [as processDocument] (src/services/document-processor.service.ts:68:15)

  console.log
    [processor] Saving 1 chunks to Atlas...

      at DocumentProcessor.log [as processDocument] (src/services/document-processor.service.ts:101:15)

  console.log
    [processor] Successfully processed document 699907966e007500b36a1dac: 1 chunks in 2ms

      at DocumentProcessor.log [as processDocument] (src/services/document-processor.service.ts:109:15)

  console.log
    [ai-controller] Document 699907966e007500b36a1dac processed: 1 chunks

      at log (src/controllers/ai.controller.ts:220:13)

  console.log
    [rag] Answering question in document 699907966e007500b36a1dac: "┬┐De qu├⌐ trata este documento?..."

      at RAGService.log [as answerQuestionInDocument] (src/services/ai/rag.service.ts:441:15)

  console.log
    [rag] Searching in document 699907966e007500b36a1dac: "┬┐De qu├⌐ trata este documento?..."

      at RAGService.log [as searchInDocument] (src/services/ai/rag.service.ts:241:15)

  console.log
    [rag] Found 5 chunks in document 699907966e007500b36a1dac

      at RAGService.log [as searchInDocument] (src/services/ai/rag.service.ts:306:15)

  console.log
    [rag] Found 5 relevant chunks in document

      at RAGService.log [as answerQuestionInDocument] (src/services/ai/rag.service.ts:462:15)

  console.log
    [llm] Generating response with provider ollama...

      at LlmService.log [as generateResponse] (src/services/ai/llm.service.ts:41:15)

  console.log
    [ollama-provider] Generating response with llama3.2:3b...

      at OllamaProvider.log [as generateResponse] (src/services/ai/providers/ollama.provider.ts:137:15)

  console.log
    [rag] Document-specific answer generated (175 chars)

      at RAGService.log [as answerQuestionInDocument] (src/services/ai/rag.service.ts:471:15)

  console.log
    [processor] Splitting document 6999079c6e007500b36a1dcf into chunks...

      at DocumentProcessor.log [as processDocument] (src/services/document-processor.service.ts:58:15)

  console.log
    [processor] Created 1 chunks for document 6999079c6e007500b36a1dcf

      at DocumentProcessor.log [as processDocument] (src/services/document-processor.service.ts:65:15)

  console.log
    [processor] Generating embeddings for 1 chunks...

      at DocumentProcessor.log [as processDocument] (src/services/document-processor.service.ts:68:15)

  console.log
    [processor] Saving 1 chunks to Atlas...

      at DocumentProcessor.log [as processDocument] (src/services/document-processor.service.ts:101:15)

  console.log
    [processor] Successfully processed document 6999079c6e007500b36a1dcf: 1 chunks in 5ms

      at DocumentProcessor.log [as processDocument] (src/services/document-processor.service.ts:109:15)

  console.log
    [ai-controller] Document 6999079c6e007500b36a1dcf processed: 1 chunks

      at log (src/controllers/ai.controller.ts:220:13)

  console.log
    [processor] Splitting document 6999079c6e007500b36a1df0 into chunks...

      at DocumentProcessor.log [as processDocument] (src/services/document-processor.service.ts:58:15)

  console.log
    [processor] Created 1 chunks for document 6999079c6e007500b36a1df0

      at DocumentProcessor.log [as processDocument] (src/services/document-processor.service.ts:65:15)

  console.log
    [processor] Generating embeddings for 1 chunks...

      at DocumentProcessor.log [as processDocument] (src/services/document-processor.service.ts:68:15)

  console.log
    [processor] Saving 1 chunks to Atlas...

      at DocumentProcessor.log [as processDocument] (src/services/document-processor.service.ts:101:15)

  console.log
    [processor] Successfully processed document 6999079c6e007500b36a1df0: 1 chunks in 5ms

      at DocumentProcessor.log [as processDocument] (src/services/document-processor.service.ts:109:15)

  console.log
    [ai-controller] Document 6999079c6e007500b36a1df0 processed: 1 chunks

      at log (src/controllers/ai.controller.ts:220:13)

  console.log
    [processor] Splitting document 6999079d6e007500b36a1e11 into chunks...

      at DocumentProcessor.log [as processDocument] (src/services/document-processor.service.ts:58:15)

  console.log
    [processor] Created 1 chunks for document 6999079d6e007500b36a1e11

      at DocumentProcessor.log [as processDocument] (src/services/document-processor.service.ts:65:15)

  console.log
    [processor] Generating embeddings for 1 chunks...

      at DocumentProcessor.log [as processDocument] (src/services/document-processor.service.ts:68:15)

  console.log
    [processor] Saving 1 chunks to Atlas...

      at DocumentProcessor.log [as processDocument] (src/services/document-processor.service.ts:101:15)

  console.log
    [processor] Successfully processed document 6999079d6e007500b36a1e11: 1 chunks in 4ms

      at DocumentProcessor.log [as processDocument] (src/services/document-processor.service.ts:109:15)

  console.log
    [ai-controller] Document 6999079d6e007500b36a1e11 processed: 1 chunks

      at log (src/controllers/ai.controller.ts:220:13)

PASS tests/integration/ai.test.ts (22.03 s)
  AI Endpoints
    GET /api/ai/documents/:documentId/extract-text
      ΓêÜ should extract text from a text document (435 ms)
      ΓêÜ should fail with invalid document ID (239 ms)
      ΓêÜ should fail without authentication (211 ms)
      ΓêÜ should fail for non-existent document (216 ms)
    POST /api/ai/documents/:documentId/process
      ΓêÜ should process a document with text content (216 ms)
      ΓêÜ should fail without text content (214 ms)
      ΓêÜ should fail with empty text (215 ms)
      ΓêÜ should fail without authentication (216 ms)
    DELETE /api/ai/documents/:documentId/chunks
      ΓêÜ should delete document chunks (234 ms)
      ΓêÜ should fail with invalid document ID (248 ms)
      ΓêÜ should fail without authentication (236 ms)
    POST /api/ai/ask
      ΓêÜ should answer a question using RAG (10706 ms)
      ΓêÜ should fail without question (260 ms)
      ΓêÜ should fail without organizationId (233 ms)
      ΓêÜ should fail without authentication (231 ms)
    POST /api/ai/documents/:documentId/ask
      ΓêÜ should answer a question about a specific document (5506 ms)
      ΓêÜ should fail without question (336 ms)
      ΓêÜ should fail with invalid document ID (382 ms)
      ΓêÜ should fail without authentication (361 ms)

  console.log
    [ai-job] Starting AI processing for document 6999079f73455dad7cba2a61...

      at log (src/jobs/process-document-ai.job.ts:30:11)

  console.log
    [ai-job] Extracting text from application/pdf file...

      at log (src/jobs/process-document-ai.job.ts:56:13)

  console.error
    [ai-job] Γ¥î Failed to process document 6999079f73455dad7cba2a61 after 36ms: File not found

    [0m [90m 35 |[39m     [36mreturn[39m[33m;[39m [90m// suppress in tests[39m
     [90m 36 |[39m   }
    [31m[1m>[22m[39m[90m 37 |[39m   originalConsoleError([33m...[39margs)[33m;[39m
     [90m    |[39m   [31m[1m^[22m[39m
     [90m 38 |[39m }[33m;[39m
     [90m 39 |[39m
     [90m 40 |[39m [90m// Mock email service to avoid real SMTP attempts during tests[39m[0m

      at console.Object.<anonymous>.console.error (tests/jest.setup.ts:37:3)
      at error (src/jobs/process-document-ai.job.ts:146:13)

  console.error
    [upload] Failed to process document 6999079f73455dad7cba2a61 with AI: File not found

    [0m [90m 35 |[39m     [36mreturn[39m[33m;[39m [90m// suppress in tests[39m
     [90m 36 |[39m   }
    [31m[1m>[22m[39m[90m 37 |[39m   originalConsoleError([33m...[39margs)[33m;[39m
     [90m    |[39m   [31m[1m^[22m[39m
     [90m 38 |[39m }[33m;[39m
     [90m 39 |[39m
     [90m 40 |[39m [90m// Mock email service to avoid real SMTP attempts during tests[39m[0m

      at console.Object.<anonymous>.console.error (tests/jest.setup.ts:37:3)
      at error (src/services/document.service.ts:895:17)

  console.log
    ≡ƒùæ∩╕Å POST /:id/trash endpoint hit! ID: 6999079f73455dad7cba2a61

      at log (src/routes/deletion.routes.ts:26:13)

  console.log
    [ai-job] Starting AI processing for document 6999079f73455dad7cba2ab1...

      at log (src/jobs/process-document-ai.job.ts:30:11)

  console.log
    [ai-job] Extracting text from application/pdf file...

      at log (src/jobs/process-document-ai.job.ts:56:13)

  console.error
    [ai-job] Γ¥î Failed to process document 6999079f73455dad7cba2ab1 after 17ms: File not found

    [0m [90m 35 |[39m     [36mreturn[39m[33m;[39m [90m// suppress in tests[39m
     [90m 36 |[39m   }
    [31m[1m>[22m[39m[90m 37 |[39m   originalConsoleError([33m...[39margs)[33m;[39m
     [90m    |[39m   [31m[1m^[22m[39m
     [90m 38 |[39m }[33m;[39m
     [90m 39 |[39m
     [90m 40 |[39m [90m// Mock email service to avoid real SMTP attempts during tests[39m[0m

      at console.Object.<anonymous>.console.error (tests/jest.setup.ts:37:3)
      at error (src/jobs/process-document-ai.job.ts:146:13)

  console.error
    [upload] Failed to process document 6999079f73455dad7cba2ab1 with AI: File not found

    [0m [90m 35 |[39m     [36mreturn[39m[33m;[39m [90m// suppress in tests[39m
     [90m 36 |[39m   }
    [31m[1m>[22m[39m[90m 37 |[39m   originalConsoleError([33m...[39margs)[33m;[39m
     [90m    |[39m   [31m[1m^[22m[39m
     [90m 38 |[39m }[33m;[39m
     [90m 39 |[39m
     [90m 40 |[39m [90m// Mock email service to avoid real SMTP attempts during tests[39m[0m

      at console.Object.<anonymous>.console.error (tests/jest.setup.ts:37:3)
      at error (src/services/document.service.ts:895:17)

  console.log
    ≡ƒùæ∩╕Å POST /:id/trash endpoint hit! ID: 507f1f77bcf86cd799439011

      at log (src/routes/deletion.routes.ts:26:13)

  console.log
    [ai-job] Starting AI processing for document 699907a073455dad7cba2ae4...

      at log (src/jobs/process-document-ai.job.ts:30:11)

  console.log
    [ai-job] Extracting text from application/pdf file...

      at log (src/jobs/process-document-ai.job.ts:56:13)

  console.error
    [ai-job] Γ¥î Failed to process document 699907a073455dad7cba2ae4 after 12ms: File not found

    [0m [90m 35 |[39m     [36mreturn[39m[33m;[39m [90m// suppress in tests[39m
     [90m 36 |[39m   }
    [31m[1m>[22m[39m[90m 37 |[39m   originalConsoleError([33m...[39margs)[33m;[39m
     [90m    |[39m   [31m[1m^[22m[39m
     [90m 38 |[39m }[33m;[39m
     [90m 39 |[39m
     [90m 40 |[39m [90m// Mock email service to avoid real SMTP attempts during tests[39m[0m

      at console.Object.<anonymous>.console.error (tests/jest.setup.ts:37:3)
      at error (src/jobs/process-document-ai.job.ts:146:13)

  console.error
    [upload] Failed to process document 699907a073455dad7cba2ae4 with AI: File not found

    [0m [90m 35 |[39m     [36mreturn[39m[33m;[39m [90m// suppress in tests[39m
     [90m 36 |[39m   }
    [31m[1m>[22m[39m[90m 37 |[39m   originalConsoleError([33m...[39margs)[33m;[39m
     [90m    |[39m   [31m[1m^[22m[39m
     [90m 38 |[39m }[33m;[39m
     [90m 39 |[39m
     [90m 40 |[39m [90m// Mock email service to avoid real SMTP attempts during tests[39m[0m

      at console.Object.<anonymous>.console.error (tests/jest.setup.ts:37:3)
      at error (src/services/document.service.ts:895:17)

  console.log
    ≡ƒùæ∩╕Å POST /:id/trash endpoint hit! ID: 699907a073455dad7cba2ae4

      at log (src/routes/deletion.routes.ts:26:13)

  console.log
    ≡ƒùæ∩╕Å POST /:id/trash endpoint hit! ID: 699907a073455dad7cba2ae4

      at log (src/routes/deletion.routes.ts:26:13)

  console.log
    [ai-job] Starting AI processing for document 699907a073455dad7cba2b1c...

      at log (src/jobs/process-document-ai.job.ts:30:11)

  console.log
    [ai-job] Extracting text from application/pdf file...

      at log (src/jobs/process-document-ai.job.ts:56:13)

  console.error
    [ai-job] Γ¥î Failed to process document 699907a073455dad7cba2b1c after 18ms: File not found

    [0m [90m 35 |[39m     [36mreturn[39m[33m;[39m [90m// suppress in tests[39m
     [90m 36 |[39m   }
    [31m[1m>[22m[39m[90m 37 |[39m   originalConsoleError([33m...[39margs)[33m;[39m
     [90m    |[39m   [31m[1m^[22m[39m
     [90m 38 |[39m }[33m;[39m
     [90m 39 |[39m
     [90m 40 |[39m [90m// Mock email service to avoid real SMTP attempts during tests[39m[0m

      at console.Object.<anonymous>.console.error (tests/jest.setup.ts:37:3)
      at error (src/jobs/process-document-ai.job.ts:146:13)

  console.error
    [upload] Failed to process document 699907a073455dad7cba2b1c with AI: File not found

    [0m [90m 35 |[39m     [36mreturn[39m[33m;[39m [90m// suppress in tests[39m
     [90m 36 |[39m   }
    [31m[1m>[22m[39m[90m 37 |[39m   originalConsoleError([33m...[39margs)[33m;[39m
     [90m    |[39m   [31m[1m^[22m[39m
     [90m 38 |[39m }[33m;[39m
     [90m 39 |[39m
     [90m 40 |[39m [90m// Mock email service to avoid real SMTP attempts during tests[39m[0m

      at console.Object.<anonymous>.console.error (tests/jest.setup.ts:37:3)
      at error (src/services/document.service.ts:895:17)

  console.log
    ≡ƒùæ∩╕Å POST /:id/trash endpoint hit! ID: 699907a073455dad7cba2b1c

      at log (src/routes/deletion.routes.ts:26:13)

  console.log
    [ai-job] Starting AI processing for document 699907a173455dad7cba2b58...

      at log (src/jobs/process-document-ai.job.ts:30:11)

  console.log
    [ai-job] Extracting text from application/pdf file...

      at log (src/jobs/process-document-ai.job.ts:56:13)

  console.error
    [ai-job] Γ¥î Failed to process document 699907a173455dad7cba2b58 after 11ms: File not found

    [0m [90m 35 |[39m     [36mreturn[39m[33m;[39m [90m// suppress in tests[39m
     [90m 36 |[39m   }
    [31m[1m>[22m[39m[90m 37 |[39m   originalConsoleError([33m...[39margs)[33m;[39m
     [90m    |[39m   [31m[1m^[22m[39m
     [90m 38 |[39m }[33m;[39m
     [90m 39 |[39m
     [90m 40 |[39m [90m// Mock email service to avoid real SMTP attempts during tests[39m[0m

      at console.Object.<anonymous>.console.error (tests/jest.setup.ts:37:3)
      at error (src/jobs/process-document-ai.job.ts:146:13)

  console.error
    [upload] Failed to process document 699907a173455dad7cba2b58 with AI: File not found

    [0m [90m 35 |[39m     [36mreturn[39m[33m;[39m [90m// suppress in tests[39m
     [90m 36 |[39m   }
    [31m[1m>[22m[39m[90m 37 |[39m   originalConsoleError([33m...[39margs)[33m;[39m
     [90m    |[39m   [31m[1m^[22m[39m
     [90m 38 |[39m }[33m;[39m
     [90m 39 |[39m
     [90m 40 |[39m [90m// Mock email service to avoid real SMTP attempts during tests[39m[0m

      at console.Object.<anonymous>.console.error (tests/jest.setup.ts:37:3)
      at error (src/services/document.service.ts:895:17)

  console.log
    ≡ƒùæ∩╕Å POST /:id/trash endpoint hit! ID: 699907a173455dad7cba2b58

      at log (src/routes/deletion.routes.ts:26:13)

  console.log
    [ai-job] Starting AI processing for document 699907a173455dad7cba2b95...

      at log (src/jobs/process-document-ai.job.ts:30:11)

  console.log
    [ai-job] Extracting text from application/pdf file...

      at log (src/jobs/process-document-ai.job.ts:56:13)

  console.error
    [ai-job] Γ¥î Failed to process document 699907a173455dad7cba2b95 after 9ms: File not found

    [0m [90m 35 |[39m     [36mreturn[39m[33m;[39m [90m// suppress in tests[39m
     [90m 36 |[39m   }
    [31m[1m>[22m[39m[90m 37 |[39m   originalConsoleError([33m...[39margs)[33m;[39m
     [90m    |[39m   [31m[1m^[22m[39m
     [90m 38 |[39m }[33m;[39m
     [90m 39 |[39m
     [90m 40 |[39m [90m// Mock email service to avoid real SMTP attempts during tests[39m[0m

      at console.Object.<anonymous>.console.error (tests/jest.setup.ts:37:3)
      at error (src/jobs/process-document-ai.job.ts:146:13)

  console.error
    [upload] Failed to process document 699907a173455dad7cba2b95 with AI: File not found

    [0m [90m 35 |[39m     [36mreturn[39m[33m;[39m [90m// suppress in tests[39m
     [90m 36 |[39m   }
    [31m[1m>[22m[39m[90m 37 |[39m   originalConsoleError([33m...[39margs)[33m;[39m
     [90m    |[39m   [31m[1m^[22m[39m
     [90m 38 |[39m }[33m;[39m
     [90m 39 |[39m
     [90m 40 |[39m [90m// Mock email service to avoid real SMTP attempts during tests[39m[0m

      at console.Object.<anonymous>.console.error (tests/jest.setup.ts:37:3)
      at error (src/services/document.service.ts:895:17)

  console.log
    ≡ƒùæ∩╕Å POST /:id/trash endpoint hit! ID: 699907a173455dad7cba2b95

      at log (src/routes/deletion.routes.ts:26:13)

  console.log
    [ai-job] Starting AI processing for document 699907a273455dad7cba2bd1...

      at log (src/jobs/process-document-ai.job.ts:30:11)

  console.log
    [ai-job] Extracting text from application/pdf file...

      at log (src/jobs/process-document-ai.job.ts:56:13)

  console.error
    [ai-job] Γ¥î Failed to process document 699907a273455dad7cba2bd1 after 18ms: File not found

    [0m [90m 35 |[39m     [36mreturn[39m[33m;[39m [90m// suppress in tests[39m
     [90m 36 |[39m   }
    [31m[1m>[22m[39m[90m 37 |[39m   originalConsoleError([33m...[39margs)[33m;[39m
     [90m    |[39m   [31m[1m^[22m[39m
     [90m 38 |[39m }[33m;[39m
     [90m 39 |[39m
     [90m 40 |[39m [90m// Mock email service to avoid real SMTP attempts during tests[39m[0m

      at console.Object.<anonymous>.console.error (tests/jest.setup.ts:37:3)
      at error (src/jobs/process-document-ai.job.ts:146:13)

  console.error
    [upload] Failed to process document 699907a273455dad7cba2bd1 with AI: File not found

    [0m [90m 35 |[39m     [36mreturn[39m[33m;[39m [90m// suppress in tests[39m
     [90m 36 |[39m   }
    [31m[1m>[22m[39m[90m 37 |[39m   originalConsoleError([33m...[39margs)[33m;[39m
     [90m    |[39m   [31m[1m^[22m[39m
     [90m 38 |[39m }[33m;[39m
     [90m 39 |[39m
     [90m 40 |[39m [90m// Mock email service to avoid real SMTP attempts during tests[39m[0m

      at console.Object.<anonymous>.console.error (tests/jest.setup.ts:37:3)
      at error (src/services/document.service.ts:895:17)

  console.log
    ≡ƒùæ∩╕Å POST /:id/trash endpoint hit! ID: 699907a273455dad7cba2bd1

      at log (src/routes/deletion.routes.ts:26:13)

  console.log
    [ai-job] Starting AI processing for document 699907a273455dad7cba2c11...

      at log (src/jobs/process-document-ai.job.ts:30:11)

  console.log
    [ai-job] Extracting text from application/pdf file...

      at log (src/jobs/process-document-ai.job.ts:56:13)

  console.error
    [ai-job] Γ¥î Failed to process document 699907a273455dad7cba2c11 after 13ms: File not found

    [0m [90m 35 |[39m     [36mreturn[39m[33m;[39m [90m// suppress in tests[39m
     [90m 36 |[39m   }
    [31m[1m>[22m[39m[90m 37 |[39m   originalConsoleError([33m...[39margs)[33m;[39m
     [90m    |[39m   [31m[1m^[22m[39m
     [90m 38 |[39m }[33m;[39m
     [90m 39 |[39m
     [90m 40 |[39m [90m// Mock email service to avoid real SMTP attempts during tests[39m[0m

      at console.Object.<anonymous>.console.error (tests/jest.setup.ts:37:3)
      at error (src/jobs/process-document-ai.job.ts:146:13)

  console.error
    [upload] Failed to process document 699907a273455dad7cba2c11 with AI: File not found

    [0m [90m 35 |[39m     [36mreturn[39m[33m;[39m [90m// suppress in tests[39m
     [90m 36 |[39m   }
    [31m[1m>[22m[39m[90m 37 |[39m   originalConsoleError([33m...[39margs)[33m;[39m
     [90m    |[39m   [31m[1m^[22m[39m
     [90m 38 |[39m }[33m;[39m
     [90m 39 |[39m
     [90m 40 |[39m [90m// Mock email service to avoid real SMTP attempts during tests[39m[0m

      at console.Object.<anonymous>.console.error (tests/jest.setup.ts:37:3)
      at error (src/services/document.service.ts:895:17)

  console.log
    ≡ƒùæ∩╕Å POST /:id/trash endpoint hit! ID: 699907a273455dad7cba2c11

      at log (src/routes/deletion.routes.ts:26:13)

  console.log
    [ai-job] Starting AI processing for document 699907a273455dad7cba2c4e...

      at log (src/jobs/process-document-ai.job.ts:30:11)

  console.log
    [ai-job] Extracting text from application/pdf file...

      at log (src/jobs/process-document-ai.job.ts:56:13)

  console.error
    [ai-job] Γ¥î Failed to process document 699907a273455dad7cba2c4e after 11ms: File not found

    [0m [90m 35 |[39m     [36mreturn[39m[33m;[39m [90m// suppress in tests[39m
     [90m 36 |[39m   }
    [31m[1m>[22m[39m[90m 37 |[39m   originalConsoleError([33m...[39margs)[33m;[39m
     [90m    |[39m   [31m[1m^[22m[39m
     [90m 38 |[39m }[33m;[39m
     [90m 39 |[39m
     [90m 40 |[39m [90m// Mock email service to avoid real SMTP attempts during tests[39m[0m

      at console.Object.<anonymous>.console.error (tests/jest.setup.ts:37:3)
      at error (src/jobs/process-document-ai.job.ts:146:13)

  console.error
    [upload] Failed to process document 699907a273455dad7cba2c4e with AI: File not found

    [0m [90m 35 |[39m     [36mreturn[39m[33m;[39m [90m// suppress in tests[39m
     [90m 36 |[39m   }
    [31m[1m>[22m[39m[90m 37 |[39m   originalConsoleError([33m...[39margs)[33m;[39m
     [90m    |[39m   [31m[1m^[22m[39m
     [90m 38 |[39m }[33m;[39m
     [90m 39 |[39m
     [90m 40 |[39m [90m// Mock email service to avoid real SMTP attempts during tests[39m[0m

      at console.Object.<anonymous>.console.error (tests/jest.setup.ts:37:3)
      at error (src/services/document.service.ts:895:17)

  console.log
    ≡ƒùæ∩╕Å POST /:id/trash endpoint hit! ID: 699907a273455dad7cba2c4e

      at log (src/routes/deletion.routes.ts:26:13)

  console.warn
    File not found during secure deletion: /test-org-1771636642680/699907a273455dad7cba2c2f/a2754f56-cc32-4255-97f9-e8be9d1d44ad.pdf

    [0m [90m 277 |[39m       [36mif[39m (error[33m.[39mcode [33m===[39m [32m'ENOENT'[39m) {
     [90m 278 |[39m         [90m// El archivo ya no existe, continuar[39m
    [31m[1m>[22m[39m[90m 279 |[39m         console[33m.[39mwarn([32m`File not found during secure deletion: ${filePath}`[39m)[33m;[39m
     [90m     |[39m                 [31m[1m^[22m[39m
     [90m 280 |[39m       } [36melse[39m {
     [90m 281 |[39m         [36mthrow[39m error[33m;[39m
     [90m 282 |[39m       }[0m

      at DeletionService.warn [as secureOverwriteFile] (src/services/deletion.service.ts:279:17)
      at DeletionService.permanentDelete (src/services/deletion.service.ts:220:7)
      at permanentDelete (src/controllers/deletion.controller.ts:114:5)

  console.log
    [ai-job] Starting AI processing for document 699907a373455dad7cba2c8c...

      at log (src/jobs/process-document-ai.job.ts:30:11)

  console.log
    [ai-job] Extracting text from application/pdf file...

      at log (src/jobs/process-document-ai.job.ts:56:13)

  console.error
    [ai-job] Γ¥î Failed to process document 699907a373455dad7cba2c8c after 13ms: File not found

    [0m [90m 35 |[39m     [36mreturn[39m[33m;[39m [90m// suppress in tests[39m
     [90m 36 |[39m   }
    [31m[1m>[22m[39m[90m 37 |[39m   originalConsoleError([33m...[39margs)[33m;[39m
     [90m    |[39m   [31m[1m^[22m[39m
     [90m 38 |[39m }[33m;[39m
     [90m 39 |[39m
     [90m 40 |[39m [90m// Mock email service to avoid real SMTP attempts during tests[39m[0m

      at console.Object.<anonymous>.console.error (tests/jest.setup.ts:37:3)
      at error (src/jobs/process-document-ai.job.ts:146:13)

  console.error
    [upload] Failed to process document 699907a373455dad7cba2c8c with AI: File not found

    [0m [90m 35 |[39m     [36mreturn[39m[33m;[39m [90m// suppress in tests[39m
     [90m 36 |[39m   }
    [31m[1m>[22m[39m[90m 37 |[39m   originalConsoleError([33m...[39margs)[33m;[39m
     [90m    |[39m   [31m[1m^[22m[39m
     [90m 38 |[39m }[33m;[39m
     [90m 39 |[39m
     [90m 40 |[39m [90m// Mock email service to avoid real SMTP attempts during tests[39m[0m

      at console.Object.<anonymous>.console.error (tests/jest.setup.ts:37:3)
      at error (src/services/document.service.ts:895:17)

  console.log
    ≡ƒùæ∩╕Å POST /:id/trash endpoint hit! ID: 699907a373455dad7cba2c8c

      at log (src/routes/deletion.routes.ts:26:13)

  console.log
    [ai-job] Starting AI processing for document 699907a373455dad7cba2cc9...

      at log (src/jobs/process-document-ai.job.ts:30:11)

  console.log
    [ai-job] Extracting text from application/pdf file...

      at log (src/jobs/process-document-ai.job.ts:56:13)

  console.error
    [ai-job] Γ¥î Failed to process document 699907a373455dad7cba2cc9 after 11ms: File not found

    [0m [90m 35 |[39m     [36mreturn[39m[33m;[39m [90m// suppress in tests[39m
     [90m 36 |[39m   }
    [31m[1m>[22m[39m[90m 37 |[39m   originalConsoleError([33m...[39margs)[33m;[39m
     [90m    |[39m   [31m[1m^[22m[39m
     [90m 38 |[39m }[33m;[39m
     [90m 39 |[39m
     [90m 40 |[39m [90m// Mock email service to avoid real SMTP attempts during tests[39m[0m

      at console.Object.<anonymous>.console.error (tests/jest.setup.ts:37:3)
      at error (src/jobs/process-document-ai.job.ts:146:13)

  console.error
    [upload] Failed to process document 699907a373455dad7cba2cc9 with AI: File not found

    [0m [90m 35 |[39m     [36mreturn[39m[33m;[39m [90m// suppress in tests[39m
     [90m 36 |[39m   }
    [31m[1m>[22m[39m[90m 37 |[39m   originalConsoleError([33m...[39margs)[33m;[39m
     [90m    |[39m   [31m[1m^[22m[39m
     [90m 38 |[39m }[33m;[39m
     [90m 39 |[39m
     [90m 40 |[39m [90m// Mock email service to avoid real SMTP attempts during tests[39m[0m

      at console.Object.<anonymous>.console.error (tests/jest.setup.ts:37:3)
      at error (src/services/document.service.ts:895:17)

  console.log
    ≡ƒùæ∩╕Å POST /:id/trash endpoint hit! ID: 699907a373455dad7cba2cc9

      at log (src/routes/deletion.routes.ts:26:13)

  console.warn
    File not found during secure deletion: /test-org-1771636643355/699907a373455dad7cba2caa/3d6503d1-0888-4d66-83a1-9c905640719b.pdf

    [0m [90m 277 |[39m       [36mif[39m (error[33m.[39mcode [33m===[39m [32m'ENOENT'[39m) {
     [90m 278 |[39m         [90m// El archivo ya no existe, continuar[39m
    [31m[1m>[22m[39m[90m 279 |[39m         console[33m.[39mwarn([32m`File not found during secure deletion: ${filePath}`[39m)[33m;[39m
     [90m     |[39m                 [31m[1m^[22m[39m
     [90m 280 |[39m       } [36melse[39m {
     [90m 281 |[39m         [36mthrow[39m error[33m;[39m
     [90m 282 |[39m       }[0m

      at DeletionService.warn [as secureOverwriteFile] (src/services/deletion.service.ts:279:17)
      at DeletionService.permanentDelete (src/services/deletion.service.ts:220:7)
      at DeletionService.emptyTrash (src/services/deletion.service.ts:358:9)
      at emptyTrash (src/controllers/deletion.controller.ts:208:26)

  console.log
    [ai-job] Starting AI processing for document 699907a373455dad7cba2d0b...

      at log (src/jobs/process-document-ai.job.ts:30:11)

  console.log
    [ai-job] Extracting text from application/pdf file...

      at log (src/jobs/process-document-ai.job.ts:56:13)

  console.error
    [ai-job] Γ¥î Failed to process document 699907a373455dad7cba2d0b after 11ms: File not found

    [0m [90m 35 |[39m     [36mreturn[39m[33m;[39m [90m// suppress in tests[39m
     [90m 36 |[39m   }
    [31m[1m>[22m[39m[90m 37 |[39m   originalConsoleError([33m...[39margs)[33m;[39m
     [90m    |[39m   [31m[1m^[22m[39m
     [90m 38 |[39m }[33m;[39m
     [90m 39 |[39m
     [90m 40 |[39m [90m// Mock email service to avoid real SMTP attempts during tests[39m[0m

      at console.Object.<anonymous>.console.error (tests/jest.setup.ts:37:3)
      at error (src/jobs/process-document-ai.job.ts:146:13)

  console.error
    [upload] Failed to process document 699907a373455dad7cba2d0b with AI: File not found

    [0m [90m 35 |[39m     [36mreturn[39m[33m;[39m [90m// suppress in tests[39m
     [90m 36 |[39m   }
    [31m[1m>[22m[39m[90m 37 |[39m   originalConsoleError([33m...[39margs)[33m;[39m
     [90m    |[39m   [31m[1m^[22m[39m
     [90m 38 |[39m }[33m;[39m
     [90m 39 |[39m
     [90m 40 |[39m [90m// Mock email service to avoid real SMTP attempts during tests[39m[0m

      at console.Object.<anonymous>.console.error (tests/jest.setup.ts:37:3)
      at error (src/services/document.service.ts:895:17)

  console.log
    ≡ƒùæ∩╕Å POST /:id/trash endpoint hit! ID: 699907a373455dad7cba2d0b

      at log (src/routes/deletion.routes.ts:26:13)

  console.warn
    File not found during secure deletion: /test-org-1771636643681/699907a373455dad7cba2cec/c10f180d-564f-4414-a916-f679a0bac4bf.pdf

    [0m [90m 277 |[39m       [36mif[39m (error[33m.[39mcode [33m===[39m [32m'ENOENT'[39m) {
     [90m 278 |[39m         [90m// El archivo ya no existe, continuar[39m
    [31m[1m>[22m[39m[90m 279 |[39m         console[33m.[39mwarn([32m`File not found during secure deletion: ${filePath}`[39m)[33m;[39m
     [90m     |[39m                 [31m[1m^[22m[39m
     [90m 280 |[39m       } [36melse[39m {
     [90m 281 |[39m         [36mthrow[39m error[33m;[39m
     [90m 282 |[39m       }[0m

      at DeletionService.warn [as secureOverwriteFile] (src/services/deletion.service.ts:279:17)
      at DeletionService.permanentDelete (src/services/deletion.service.ts:220:7)
      at DeletionService.emptyTrash (src/services/deletion.service.ts:358:9)
      at emptyTrash (src/controllers/deletion.controller.ts:208:26)

  console.log
    [ai-job] Starting AI processing for document 699907a473455dad7cba2d51...

      at log (src/jobs/process-document-ai.job.ts:30:11)

  console.log
    [ai-job] Extracting text from application/pdf file...

      at log (src/jobs/process-document-ai.job.ts:56:13)

  console.error
    [ai-job] Γ¥î Failed to process document 699907a473455dad7cba2d51 after 11ms: File not found

    [0m [90m 35 |[39m     [36mreturn[39m[33m;[39m [90m// suppress in tests[39m
     [90m 36 |[39m   }
    [31m[1m>[22m[39m[90m 37 |[39m   originalConsoleError([33m...[39margs)[33m;[39m
     [90m    |[39m   [31m[1m^[22m[39m
     [90m 38 |[39m }[33m;[39m
     [90m 39 |[39m
     [90m 40 |[39m [90m// Mock email service to avoid real SMTP attempts during tests[39m[0m

      at console.Object.<anonymous>.console.error (tests/jest.setup.ts:37:3)
      at error (src/jobs/process-document-ai.job.ts:146:13)

  console.error
    [upload] Failed to process document 699907a473455dad7cba2d51 with AI: File not found

    [0m [90m 35 |[39m     [36mreturn[39m[33m;[39m [90m// suppress in tests[39m
     [90m 36 |[39m   }
    [31m[1m>[22m[39m[90m 37 |[39m   originalConsoleError([33m...[39margs)[33m;[39m
     [90m    |[39m   [31m[1m^[22m[39m
     [90m 38 |[39m }[33m;[39m
     [90m 39 |[39m
     [90m 40 |[39m [90m// Mock email service to avoid real SMTP attempts during tests[39m[0m

      at console.Object.<anonymous>.console.error (tests/jest.setup.ts:37:3)
      at error (src/services/document.service.ts:895:17)

  console.log
    [ai-job] Starting AI processing for document 699907a473455dad7cba2d82...

      at log (src/jobs/process-document-ai.job.ts:30:11)

  console.log
    [ai-job] Extracting text from application/pdf file...

      at log (src/jobs/process-document-ai.job.ts:56:13)

  console.error
    [ai-job] Γ¥î Failed to process document 699907a473455dad7cba2d82 after 13ms: File not found

    [0m [90m 35 |[39m     [36mreturn[39m[33m;[39m [90m// suppress in tests[39m
     [90m 36 |[39m   }
    [31m[1m>[22m[39m[90m 37 |[39m   originalConsoleError([33m...[39margs)[33m;[39m
     [90m    |[39m   [31m[1m^[22m[39m
     [90m 38 |[39m }[33m;[39m
     [90m 39 |[39m
     [90m 40 |[39m [90m// Mock email service to avoid real SMTP attempts during tests[39m[0m

      at console.Object.<anonymous>.console.error (tests/jest.setup.ts:37:3)
      at error (src/jobs/process-document-ai.job.ts:146:13)

  console.error
    [upload] Failed to process document 699907a473455dad7cba2d82 with AI: File not found

    [0m [90m 35 |[39m     [36mreturn[39m[33m;[39m [90m// suppress in tests[39m
     [90m 36 |[39m   }
    [31m[1m>[22m[39m[90m 37 |[39m   originalConsoleError([33m...[39margs)[33m;[39m
     [90m    |[39m   [31m[1m^[22m[39m
     [90m 38 |[39m }[33m;[39m
     [90m 39 |[39m
     [90m 40 |[39m [90m// Mock email service to avoid real SMTP attempts during tests[39m[0m

      at console.Object.<anonymous>.console.error (tests/jest.setup.ts:37:3)
      at error (src/services/document.service.ts:895:17)

  console.log
    ≡ƒùæ∩╕Å POST /:id/trash endpoint hit! ID: 699907a473455dad7cba2d82

      at log (src/routes/deletion.routes.ts:26:13)

PASS tests/integration/deletion.routes.test.ts (7.158 s)
  Deletion Routes
    POST /api/deletion/:id/trash
      ΓêÜ should move document to trash successfully (568 ms)
      ΓêÜ should return 404 for non-existent document (356 ms)
      ΓêÜ should return 400 if document already in trash (393 ms)
    POST /api/deletion/:id/restore
      ΓêÜ should restore document from trash successfully (462 ms)
      ΓêÜ should return 400 if document is not in trash (335 ms)
    GET /api/deletion/trash
      ΓêÜ should return documents in trash (309 ms)
      ΓêÜ should return empty array when trash is empty (612 ms)
      ΓêÜ should support pagination (355 ms)
    DELETE /api/deletion/:id/permanent
      ΓêÜ should permanently delete document (343 ms)
      ΓêÜ should return 400 if document is not in trash (334 ms)
    DELETE /api/deletion/trash
      ΓêÜ should empty trash successfully (325 ms)
      ΓêÜ should return 0 deleted count when trash is empty (377 ms)
    Authorization
      ΓêÜ should return 401 without auth token (364 ms)
      ΓêÜ should return 403 for unauthorized user (482 ms)

PASS tests/integration/memberships.cleanup.test.ts (6.256 s)
  Membership Removal - Data Cleanup
    Should delete all user data when removing membership
      ΓêÜ should delete rootFolder from database (724 ms)
      ΓêÜ should delete subcarpetas from database (505 ms)
      ΓêÜ should delete documents from database (477 ms)
      ΓêÜ should delete membership permanently from database (455 ms)
      ΓêÜ should delete physical storage directory (467 ms)
      ΓêÜ should remove user from organization members array (463 ms)
      ΓêÜ should clean user.organization reference if it was active (487 ms)
    Should handle nested folders and documents
      ΓêÜ should delete all nested folders and documents (530 ms)
    When user leaves organization voluntarily
      ΓêÜ should clean all data when user leaves (536 ms)

PASS tests/integration/services/user.service.test.ts (7.83 s)
  UserService Integration Tests
    getAllUsers
      ΓêÜ should return all users (218 ms)
      ΓêÜ should return empty array when no users exist (154 ms)
    setUserActive
      ΓêÜ should activate a user (156 ms)
      ΓêÜ should deactivate a user (152 ms)
      ΓêÜ should throw error when user not found (157 ms)
      ΓêÜ should return user without changes if active status is the same (146 
ms)
    updateUser
      ΓêÜ should update user name (148 ms)
      ΓêÜ should update user email (152 ms)
      ΓêÜ should update both name and email (155 ms)
      ΓêÜ should throw error when user not found (260 ms)
      ΓêÜ should not update password field (160 ms)
    changePassword
      ΓêÜ should change password successfully (365 ms)
      ΓêÜ should increment tokenVersion when password changes (295 ms)
      ΓêÜ should update lastPasswordChange timestamp (334 ms)
      ΓêÜ should throw error when current password is incorrect (278 ms)
      ΓêÜ should throw error when user not found (155 ms)
      ΓêÜ should reject weak passwords (216 ms)
      ΓêÜ should reject password without uppercase (233 ms)
      ΓêÜ should reject password without numbers (213 ms)
    deleteUser
      ΓêÜ should delete user successfully (149 ms)
      ΓêÜ should throw error when user not found (145 ms)
    updateAvatar
      ΓêÜ should update avatar URL successfully (197 ms)
      ΓêÜ should update avatar to empty string (168 ms)
      ΓêÜ should accept data URLs as avatars (163 ms)
      ΓêÜ should accept relative paths as avatars (155 ms)
      ΓêÜ should throw error when user not found (152 ms)
      ΓêÜ should trim whitespace from avatar URL (151 ms)
      ΓêÜ should not affect other user fields (150 ms)
      ΓêÜ should update avatar multiple times (270 ms)
      ΓêÜ should handle very long URLs up to 2048 characters (188 ms)
      ΓêÜ should fail when URL exceeds 2048 characters (160 ms)
      ΓêÜ should not expose password in returned user object (147 ms)
      ΓêÜ should work with special characters in URL (158 ms)
      ΓêÜ should handle concurrent updates correctly (157 ms)

